== Reporte de Entregas ==
(-2, 4) direcciÃ³n Norte
